C:\Users\E5514777>CD C:\Projects\MyCorpLocalGit\BareGitRepo

C:\Projects\MyCorpLocalGit\BareGitRepo>touch test.txt
'touch' is not recognized as an internal or external command,
operable program or batch file.

C:\Projects\MyCorpLocalGit\BareGitRepo>git add *

C:\Projects\MyCorpLocalGit\BareGitRepo>git status
On branch master

No commits yet

Changes to be committed:
  (use "git rm --cached <file>..." to unstage)

        new file:   .gitattributes
        new file:   .gitignore
        new file:   ConsoleApplication/ConsoleApplication.sln
        new file:   ConsoleApplication/ConsoleApplication/App.config
        new file:   ConsoleApplication/ConsoleApplication/ConsoleApplication.csproj
        new file:   ConsoleApplication/ConsoleApplication/Program.cs
        new file:   ConsoleApplication/ConsoleApplication/Properties/AssemblyInfo.cs


C:\Projects\MyCorpLocalGit\BareGitRepo>git commit -m "this is first commit"
[master (root-commit) a011899] this is first commit
 Committer: Kulkarni <Rakesh.Kulkarni@FISGLOBAL.COM>
Your name and email address were configured automatically based
on your username and hostname. Please check that they are accurate.
You can suppress this message by setting them explicitly. Run the
following command and follow the instructions in your editor to edit
your configuration file:

    git config --global --edit

After doing this, you may fix the identity used for this commit with:

    git commit --amend --reset-author

 7 files changed, 416 insertions(+)
 create mode 100644 .gitattributes
 create mode 100644 .gitignore
 create mode 100644 ConsoleApplication/ConsoleApplication.sln
 create mode 100644 ConsoleApplication/ConsoleApplication/App.config
 create mode 100644 ConsoleApplication/ConsoleApplication/ConsoleApplication.csproj
 create mode 100644 ConsoleApplication/ConsoleApplication/Program.cs
 create mode 100644 ConsoleApplication/ConsoleApplication/Properties/AssemblyInfo.cs

C:\Projects\MyCorpLocalGit\BareGitRepo>git status
On branch master
nothing to commit, working tree clean

C:\Projects\MyCorpLocalGit\BareGitRepo>git remote

C:\Projects\MyCorpLocalGit\BareGitRepo>git remote add origin https://github.com/rakeshpkulkarni/FirstRepository.git

C:\Projects\MyCorpLocalGit\BareGitRepo>git remote
origin

C:\Projects\MyCorpLocalGit\BareGitRepo>git remote -v
origin  https://github.com/rakeshpkulkarni/FirstRepository.git (fetch)
origin  https://github.com/rakeshpkulkarni/FirstRepository.git (push)

C:\Projects\MyCorpLocalGit\BareGitRepo>git push -u origin master
Enumerating objects: 12, done.
Counting objects: 100% (12/12), done.
Delta compression using up to 8 threads
Compressing objects: 100% (11/11), done.
Writing objects: 100% (12/12), 5.04 KiB | 1.01 MiB/s, done.
Total 12 (delta 0), reused 0 (delta 0)
To https://github.com/rakeshpkulkarni/FirstRepository.git
 * [new branch]      master -> master
Branch 'master' set up to track remote branch 'master' from 'origin'.

C:\Projects\MyCorpLocalGit\BareGitRepo>git staus
git: 'staus' is not a git command. See 'git --help'.

The most similar command is
        status

C:\Projects\MyCorpLocalGit\BareGitRepo>git status
On branch master
Your branch is up to date with 'origin/master'.

Changes not staged for commit:
  (use "git add <file>..." to update what will be committed)
  (use "git checkout -- <file>..." to discard changes in working directory)

        modified:   ConsoleApplication/ConsoleApplication/Program.cs

Untracked files:
  (use "git add <file>..." to include in what will be committed)

        ConsoleApplication/ConsoleApplication/cmd.txt

no changes added to commit (use "git add" and/or "git commit -a")

C:\Projects\MyCorpLocalGit\BareGitRepo>git add ConsoleApplication/ConsoleApplication/Program.cs

C:\Projects\MyCorpLocalGit\BareGitRepo>git status
On branch master
Your branch is up to date with 'origin/master'.

Changes to be committed:
  (use "git reset HEAD <file>..." to unstage)

        modified:   ConsoleApplication/ConsoleApplication/Program.cs

Untracked files:
  (use "git add <file>..." to include in what will be committed)

        ConsoleApplication/ConsoleApplication/cmd.txt


C:\Projects\MyCorpLocalGit\BareGitRepo>git add *

C:\Projects\MyCorpLocalGit\BareGitRepo>git staus
git: 'staus' is not a git command. See 'git --help'.

The most similar command is
        status

C:\Projects\MyCorpLocalGit\BareGitRepo>git status
On branch master
Your branch is up to date with 'origin/master'.

Changes to be committed:
  (use "git reset HEAD <file>..." to unstage)

        modified:   ConsoleApplication/ConsoleApplication/Program.cs
        new file:   ConsoleApplication/ConsoleApplication/cmd.txt


C:\Projects\MyCorpLocalGit\BareGitRepo>git commit -m "updated files"
[master 3e861d4] updated files
 Committer: Kulkarni <Rakesh.Kulkarni@FISGLOBAL.COM>
Your name and email address were configured automatically based
on your username and hostname. Please check that they are accurate.
You can suppress this message by setting them explicitly. Run the
following command and follow the instructions in your editor to edit
your configuration file:

    git config --global --edit

After doing this, you may fix the identity used for this commit with:

    git commit --amend --reset-author

 2 files changed, 13 insertions(+)
 create mode 100644 ConsoleApplication/ConsoleApplication/cmd.txt

C:\Projects\MyCorpLocalGit\BareGitRepo>git status
On branch master
Your branch is ahead of 'origin/master' by 1 commit.
  (use "git push" to publish your local commits)

nothing to commit, working tree clean

C:\Projects\MyCorpLocalGit\BareGitRepo>git push -u origin master
Enumerating objects: 9, done.
Counting objects: 100% (9/9), done.
Delta compression using up to 8 threads
Compressing objects: 100% (6/6), done.
Writing objects: 100% (6/6), 699 bytes | 349.00 KiB/s, done.
Total 6 (delta 3), reused 0 (delta 0)
remote: Resolving deltas: 100% (3/3), completed with 3 local objects.
To https://github.com/rakeshpkulkarni/FirstRepository.git
   a011899..3e861d4  master -> master
Branch 'master' set up to track remote branch 'master' from 'origin'.